// Jest Snapshot v1, https://goo.gl/fbAQLP

exports[`DoubleRange test\`s checkbox snapshot 1`] = `
Object {
  "asFragment": [Function],
  "baseElement": <body>
    <div>
      <div
        class="doubleRange"
        data-testid="doubleRange_wrapper"
      >
        <div
          class="rc-slider"
        >
          <div
            class="rc-slider-rail"
            style="background-color: lightgrey; height: 10px;"
          />
          <div
            class="rc-slider-track rc-slider-track-1"
            style="background-color: rgb(37, 156, 211); box-shadow: 0 15px 20px rgb(10, 136, 196, .4); height: 10px; left: 22.22222222222222%; width: 11.111111111111107%;"
          />
          <div
            class="rc-slider-step"
          />
          <div
            aria-disabled="false"
            aria-valuemax="10"
            aria-valuemin="1"
            aria-valuenow="3"
            class="rc-slider-handle rc-slider-handle-1"
            role="slider"
            style="position: absolute; top: -1px; width: 16px; height: 32px; border-radius: 10px; border: 2px solid #259cd3; box-shadow: 0 15px 20px rgb(10, 136, 196, .4); left: 22.22222222222222%; transform: translateX(-50%);"
            tabindex="0"
          />
          <div
            aria-disabled="false"
            aria-valuemax="10"
            aria-valuemin="1"
            aria-valuenow="4"
            class="rc-slider-handle rc-slider-handle-2"
            role="slider"
            style="position: absolute; top: -1px; width: 16px; height: 32px; border-radius: 10px; border: 2px solid #259cd3; box-shadow: 0 15px 20px rgb(10, 136, 196, .2); left: 33.33333333333333%; transform: translateX(-50%);"
            tabindex="0"
          />
          <div
            class="rc-slider-mark"
          />
        </div>
      </div>
    </div>
  </body>,
  "container": <div>
    <div
      class="doubleRange"
      data-testid="doubleRange_wrapper"
    >
      <div
        class="rc-slider"
      >
        <div
          class="rc-slider-rail"
          style="background-color: lightgrey; height: 10px;"
        />
        <div
          class="rc-slider-track rc-slider-track-1"
          style="background-color: rgb(37, 156, 211); box-shadow: 0 15px 20px rgb(10, 136, 196, .4); height: 10px; left: 22.22222222222222%; width: 11.111111111111107%;"
        />
        <div
          class="rc-slider-step"
        />
        <div
          aria-disabled="false"
          aria-valuemax="10"
          aria-valuemin="1"
          aria-valuenow="3"
          class="rc-slider-handle rc-slider-handle-1"
          role="slider"
          style="position: absolute; top: -1px; width: 16px; height: 32px; border-radius: 10px; border: 2px solid #259cd3; box-shadow: 0 15px 20px rgb(10, 136, 196, .4); left: 22.22222222222222%; transform: translateX(-50%);"
          tabindex="0"
        />
        <div
          aria-disabled="false"
          aria-valuemax="10"
          aria-valuemin="1"
          aria-valuenow="4"
          class="rc-slider-handle rc-slider-handle-2"
          role="slider"
          style="position: absolute; top: -1px; width: 16px; height: 32px; border-radius: 10px; border: 2px solid #259cd3; box-shadow: 0 15px 20px rgb(10, 136, 196, .2); left: 33.33333333333333%; transform: translateX(-50%);"
          tabindex="0"
        />
        <div
          class="rc-slider-mark"
        />
      </div>
    </div>
  </div>,
  "debug": [Function],
  "findAllByAltText": [Function],
  "findAllByDisplayValue": [Function],
  "findAllByLabelText": [Function],
  "findAllByPlaceholderText": [Function],
  "findAllByRole": [Function],
  "findAllByTestId": [Function],
  "findAllByText": [Function],
  "findAllByTitle": [Function],
  "findByAltText": [Function],
  "findByDisplayValue": [Function],
  "findByLabelText": [Function],
  "findByPlaceholderText": [Function],
  "findByRole": [Function],
  "findByTestId": [Function],
  "findByText": [Function],
  "findByTitle": [Function],
  "getAllByAltText": [Function],
  "getAllByDisplayValue": [Function],
  "getAllByLabelText": [Function],
  "getAllByPlaceholderText": [Function],
  "getAllByRole": [Function],
  "getAllByTestId": [Function],
  "getAllByText": [Function],
  "getAllByTitle": [Function],
  "getByAltText": [Function],
  "getByDisplayValue": [Function],
  "getByLabelText": [Function],
  "getByPlaceholderText": [Function],
  "getByRole": [Function],
  "getByTestId": [Function],
  "getByText": [Function],
  "getByTitle": [Function],
  "queryAllByAltText": [Function],
  "queryAllByDisplayValue": [Function],
  "queryAllByLabelText": [Function],
  "queryAllByPlaceholderText": [Function],
  "queryAllByRole": [Function],
  "queryAllByTestId": [Function],
  "queryAllByText": [Function],
  "queryAllByTitle": [Function],
  "queryByAltText": [Function],
  "queryByDisplayValue": [Function],
  "queryByLabelText": [Function],
  "queryByPlaceholderText": [Function],
  "queryByRole": [Function],
  "queryByTestId": [Function],
  "queryByText": [Function],
  "queryByTitle": [Function],
  "rerender": [Function],
  "unmount": [Function],
}
`;
